// Jest Snapshot v1, https://goo.gl/fbAQLP

exports[`Chip should render 1`] = `
<div
  className="MuiButtonBase-root MuiChip-root MuiChip-colorPrimary MuiChip-clickableColorPrimary MuiChip-clickable"
  onBlur={[Function]}
  onDragLeave={[Function]}
  onFocus={[Function]}
  onKeyDown={[Function]}
  onKeyUp={[Function]}
  onMouseDown={[Function]}
  onMouseLeave={[Function]}
  onMouseUp={[Function]}
  onTouchEnd={[Function]}
  onTouchMove={[Function]}
  onTouchStart={[Function]}
  role="button"
  style={Object {}}
  tabIndex={0}
>
  <span
    className="MuiChip-label"
  >
    test
  </span>
</div>
`;
