// Jest Snapshot v1, https://goo.gl/fbAQLP

exports[`Badge should render 1`] = `
<span
  className="MuiBadge-root"
  theme={
    Object {
      "palette": Object {
        "alert": Object {
          "main": "#FF3D7F",
        },
        "common": Object {
          "black": undefined,
          "white": "#FFFFFF",
        },
        "mediumGrey": Object {
          "main": "#7E8E9F",
        },
        "secondary": Object {
          "main": "#00A0DF",
        },
        "text": Object {
          "secondary": "#929292",
        },
        "warning": Object {
          "main": "#FB8B23",
        },
      },
    }
  }
>
  <svg
    aria-hidden={true}
    className="MuiSvgIcon-root MuiSvgIcon-fontSizeLarge"
    focusable="false"
    viewBox="0 0 24 24"
  >
    <path
      d="M12 2C6.48 2 2 6.48 2 12s4.48 10 10 10 10-4.48 10-10S17.52 2 12 2zm0 3c1.66 0 3 1.34 3 3s-1.34 3-3 3-3-1.34-3-3 1.34-3 3-3zm0 14.2c-2.5 0-4.71-1.28-6-3.22.03-1.99 4-3.08 6-3.08 1.99 0 5.97 1.09 6 3.08-1.29 1.94-3.5 3.22-6 3.22z"
    />
  </svg>
  <span
    className="MuiBadge-badge Component-badge-1 MuiBadge-anchorOriginTopRightRectangle"
  >
    1
  </span>
</span>
`;
