// Jest Snapshot v1, https://goo.gl/fbAQLP

exports[`Avatar should render 1`] = `
<div
  className="MuiAvatar-root Component-root-1 MuiAvatar-circle react-css"
  onError={[Function]}
>
  <img
    alt="-"
    className="MuiAvatar-img"
    height="60px"
    src="http://i.pravatar.cc/300"
    width="60px"
  />
</div>
`;

exports[`Avatar should render Anonymous when there is no image or full name 1`] = `
<svg
  className="svg-icon "
  height="60px"
  onClick={[Function]}
  style={Object {}}
  viewBox="0 0 64 64"
  width="60px"
  xmlns="http://www.w3.org/2000/svg"
  xmlnsXlink="http://www.w3.org/1999/xlink"
>
  <path
    d="M0 32C0 14.327 14.327 0 32 0c17.673 0 32 14.327 32 32 0 17.673-14.327 32-32 32C14.327 64 0 49.673 0 32zm9.35 16.24C14.407 55.285 22.666 59.872 32 59.872c9.333 0 17.592-4.587 22.65-11.63a8.516 8.516 0 0 0-6.391-7.273l-4.178-1.044A18.441 18.441 0 0 1 32 44.387c-4.48 0-8.719-1.575-12.081-4.463l-4.178 1.044a8.516 8.516 0 0 0-6.392 7.273v-.001zm8.2-22.433c0 7.981 6.469 14.452 14.45 14.452 7.981 0 14.452-6.471 14.452-14.454 0-7.98-6.47-14.45-14.452-14.45-7.981 0-14.452 6.47-14.452 14.452h.001z"
    fill="#002856"
  />
</svg>
`;

exports[`Avatar should render Initials when there is no image 1`] = `
<div
  className="MuiAvatar-root Component-root-2 MuiAvatar-circle react-css MuiAvatar-colorDefault"
>
  JM
</div>
`;
